[demo-egenslab.b-cdn.net/html/golflab/preview/index.html]
[demo-egenslab.b-cdn.net/html/golflab/preview/assets/img/favicon.png]
[demo-egenslab.b-cdn.net/html/golflab/preview/assets/css/bootstrap.min.css]
[demo-egenslab.b-cdn.net/html/golflab/preview/assets/css/bootstrap-icons.css]
[demo-egenslab.b-cdn.net/html/golflab/preview/assets/css/all.min.css]
[demo-egenslab.b-cdn.net/html/golflab/preview/assets/css/fontawesome.min.css]
[demo-egenslab.b-cdn.net/html/golflab/preview/assets/css/swiper-bundle.min.css]
[demo-egenslab.b-cdn.net/html/golflab/preview/assets/css/nice-select.css]
[demo-egenslab.b-cdn.net/html/golflab/preview/assets/css/magnific-popup.css]
[backblue.gif]
[fade.gif]
[index.html]
[demo-egenslab.b-cdn.net/html/golflab/preview/assets/css/stylef700.css]
[demo-egenslab.b-cdn.net/html/golflab/preview/assets/img/logo.png]
[demo-egenslab.b-cdn.net/html/golflab/preview/index2.html]
[demo-egenslab.b-cdn.net/html/golflab/preview/about.html]
[demo-egenslab.b-cdn.net/html/golflab/preview/facility.html]
[demo-egenslab.b-cdn.net/html/golflab/preview/blog.html]
[demo-egenslab.b-cdn.net/html/golflab/preview/blog-standard.html]
[demo-egenslab.b-cdn.net/html/golflab/preview/blog-details.html]
[demo-egenslab.b-cdn.net/html/golflab/preview/team.html]
[demo-egenslab.b-cdn.net/html/golflab/preview/gallery.html]
[demo-egenslab.b-cdn.net/html/golflab/preview/membership.html]
[demo-egenslab.b-cdn.net/html/golflab/preview/faq.html]
[demo-egenslab.b-cdn.net/html/golflab/preview/error.html]
[demo-egenslab.b-cdn.net/html/golflab/preview/contact.html]
[demo-egenslab.b-cdn.net/html/golflab/preview/assets/img/icons/phone-white.svg]
[demo-egenslab.b-cdn.net/html/golflab/preview/about.htm]
[demo-egenslab.b-cdn.net/html/golflab/preview/assets/img/about-1.png]
[demo-egenslab.b-cdn.net/html/golflab/preview/assets/img/shape.png]
[demo-egenslab.b-cdn.net/html/golflab/preview/assets/img/about-2.png]
[demo-egenslab.b-cdn.net/html/golflab/preview/assets/img/club/club-1.jpg]
[demo-egenslab.b-cdn.net/html/golflab/preview/assets/img/club/club-2.jpg]
[demo-egenslab.b-cdn.net/html/golflab/preview/assets/img/club/club-3.jpg]
[demo-egenslab.b-cdn.net/html/golflab/preview/assets/img/club/club-4.jpg]
[demo-egenslab.b-cdn.net/html/golflab/preview/assets/img/club/club-5.jpg]
[demo-egenslab.b-cdn.net/html/golflab/preview/assets/img/club/club-6.jpg]
[demo-egenslab.b-cdn.net/html/golflab/preview/assets/img/icons/feature-icon-1.png]
[demo-egenslab.b-cdn.net/html/golflab/preview/assets/img/icons/feature-icon-2.png]
[demo-egenslab.b-cdn.net/html/golflab/preview/assets/img/icons/feature-icon-3.png]
[demo-egenslab.b-cdn.net/html/golflab/preview/assets/img/icons/feature-icon-4.png]
[demo-egenslab.b-cdn.net/html/golflab/preview/assets/img/field-review.png]
[demo-egenslab.b-cdn.net/html/golflab/preview/assets/img/icons/facility-icon-1.svg]
[demo-egenslab.b-cdn.net/html/golflab/preview/assets/img/icons/facility-icon-2.svg]
[demo-egenslab.b-cdn.net/html/golflab/preview/assets/img/icons/facility-icon-3.svg]
[demo-egenslab.b-cdn.net/html/golflab/preview/assets/img/icons/facility-icon-4.svg]
[demo-egenslab.b-cdn.net/html/golflab/preview/assets/img/icons/facility-icon-5.svg]
[demo-egenslab.b-cdn.net/html/golflab/preview/assets/img/facility.jpg]
[demo-egenslab.b-cdn.net/html/golflab/preview/assets/img/facility-up.jpg]
[demo-egenslab.b-cdn.net/html/golflab/preview/assets/img/testimonial-1.png]
[demo-egenslab.b-cdn.net/html/golflab/preview/assets/img/shape-2.png]
[demo-egenslab.b-cdn.net/html/golflab/preview/assets/img/testimonial-3.png]
[demo-egenslab.b-cdn.net/html/golflab/preview/assets/img/blog/author-1.jpg]
[demo-egenslab.b-cdn.net/html/golflab/preview/assets/img/blog/blog-1.jpg]
[demo-egenslab.b-cdn.net/html/golflab/preview/assets/img/blog/author-2.png]
[demo-egenslab.b-cdn.net/html/golflab/preview/assets/img/blog/blog-2.jpg]
[demo-egenslab.b-cdn.net/html/golflab/preview/assets/img/footer-logo.png]
[demo-egenslab.b-cdn.net/html/golflab/preview/assets/img/icons/phone-2.svg]
[demo-egenslab.b-cdn.net/cdn-cgi/scripts/5c5dd728/cloudflare-static/email-decode.min.js]
[demo-egenslab.b-cdn.net/html/golflab/preview/assets/js/jquery-3.6.0.min.js]
[demo-egenslab.b-cdn.net/html/golflab/preview/assets/js/popper.min.js]
[demo-egenslab.b-cdn.net/html/golflab/preview/assets/js/bootstrap.min.js]
[demo-egenslab.b-cdn.net/html/golflab/preview/assets/js/swiper-bundle.min.js]
[demo-egenslab.b-cdn.net/html/golflab/preview/assets/js/jquery.lazy.js]
[demo-egenslab.b-cdn.net/html/golflab/preview/assets/js/jquery.nice-select.min.js]
[demo-egenslab.b-cdn.net/html/golflab/preview/assets/js/anime.min.js]
[demo-egenslab.b-cdn.net/html/golflab/preview/assets/js/waypoints.min.js]
[demo-egenslab.b-cdn.net/html/golflab/preview/assets/js/jquery.counterup.min.js]
[demo-egenslab.b-cdn.net/html/golflab/preview/assets/js/jquery.magnific-popup.min.js]
[demo-egenslab.b-cdn.net/html/golflab/preview/assets/js/isotope.pkgd.min.js]
[demo-egenslab.b-cdn.net/html/golflab/preview/assets/js/masonry.pkgd.min.js]
[demo-egenslab.b-cdn.net/html/golflab/preview/index.html]
[demo-egenslab.b-cdn.net/html/golflab/preview/assets/css/bootstrap.min.css]
[demo-egenslab.b-cdn.net/html/golflab/preview/assets/js/custom.js]
[demo-egenslab.b-cdn.net/html/golflab/preview/assets/webfonts/bootstrap-iconsbe27.woff2]
[demo-egenslab.b-cdn.net/html/golflab/preview/assets/webfonts/bootstrap-iconsbe27.woff]
[demo-egenslab.b-cdn.net/html/golflab/preview/assets/css/bootstrap-icons.css]
[demo-egenslab.b-cdn.net/html/golflab/preview/assets/webfonts/fa-brands-400.eot]
[demo-egenslab.b-cdn.net/html/golflab/preview/assets/webfonts/fa-brands-400.woff2]
[demo-egenslab.b-cdn.net/html/golflab/preview/assets/webfonts/fa-brands-400d41d.eot]
[demo-egenslab.b-cdn.net/html/golflab/preview/assets/webfonts/fa-brands-400.woff]
[demo-egenslab.b-cdn.net/html/golflab/preview/assets/webfonts/fa-brands-400.ttf]
[demo-egenslab.b-cdn.net/html/golflab/preview/assets/webfonts/fa-brands-400.svg]
[demo-egenslab.b-cdn.net/html/golflab/preview/assets/webfonts/fa-regular-400.eot]
[demo-egenslab.b-cdn.net/html/golflab/preview/assets/webfonts/fa-regular-400d41d.eot]
[demo-egenslab.b-cdn.net/html/golflab/preview/assets/webfonts/fa-regular-400.woff2]
[demo-egenslab.b-cdn.net/html/golflab/preview/assets/webfonts/fa-regular-400.woff]
[demo-egenslab.b-cdn.net/html/golflab/preview/assets/webfonts/fa-regular-400.ttf]
[demo-egenslab.b-cdn.net/html/golflab/preview/assets/webfonts/fa-regular-400.svg]
[demo-egenslab.b-cdn.net/html/golflab/preview/assets/webfonts/fa-solid-900.eot]
[demo-egenslab.b-cdn.net/html/golflab/preview/assets/webfonts/fa-solid-900d41d.eot]
[demo-egenslab.b-cdn.net/html/golflab/preview/assets/webfonts/fa-solid-900.woff2]
[demo-egenslab.b-cdn.net/html/golflab/preview/assets/webfonts/fa-solid-900.woff]
[demo-egenslab.b-cdn.net/html/golflab/preview/assets/webfonts/fa-solid-900.ttf]
[demo-egenslab.b-cdn.net/html/golflab/preview/assets/css/all.min.css]
[demo-egenslab.b-cdn.net/html/golflab/preview/assets/css/fontawesome.min.css]
[demo-egenslab.b-cdn.net/html/golflab/preview/assets/css/swiper-bundle.min.css]
[demo-egenslab.b-cdn.net/html/golflab/preview/assets/css/nice-select.css]
[demo-egenslab.b-cdn.net/html/golflab/preview/assets/css/magnific-popup.css]
[demo-egenslab.b-cdn.net/html/golflab/preview/assets/img/feature-bg.jpg]
[demo-egenslab.b-cdn.net/html/golflab/preview/assets/webfonts/fa-solid-900.svg]
[demo-egenslab.b-cdn.net/html/golflab/preview/assets/img/slider/slider-01.jpg]
[demo-egenslab.b-cdn.net/html/golflab/preview/assets/img/slider/slider-02.jpg]
[demo-egenslab.b-cdn.net/html/golflab/preview/assets/img/icons/ball.svg]
[demo-egenslab.b-cdn.net/html/golflab/preview/assets/img/line.png]
[demo-egenslab.b-cdn.net/html/golflab/preview/assets/img/dotted.png]
[demo-egenslab.b-cdn.net/html/golflab/preview/assets/img/testimonial-content-bg.png]
[demo-egenslab.b-cdn.net/html/golflab/preview/assets/img/blog-left-shape.png]
[demo-egenslab.b-cdn.net/html/golflab/preview/assets/img/newsletter-bg.jpg]
[demo-egenslab.b-cdn.net/html/golflab/preview/assets/css/assets/images/icons/accord-icon.svg]
[demo-egenslab.b-cdn.net/html/golflab/preview/assets/img/benifit-bg.jpg]
[demo-egenslab.b-cdn.net/html/golflab/preview/assets/img/f-shape.png]
[demo-egenslab.b-cdn.net/html/golflab/preview/assets/css/stylef700.css]
[demo-egenslab.b-cdn.net/html/golflab/preview/assets/img/logo2.png]
[demo-egenslab.b-cdn.net/html/golflab/preview/assets/img/icons/facilityOrange-icon-1.svg]
[demo-egenslab.b-cdn.net/html/golflab/preview/assets/img/icons/facilityOrange-icon-2.svg]
[demo-egenslab.b-cdn.net/html/golflab/preview/assets/img/icons/facilityOrange-icon-3.svg]
[demo-egenslab.b-cdn.net/html/golflab/preview/assets/img/icons/facilityOrange-icon-4.svg]
[demo-egenslab.b-cdn.net/html/golflab/preview/assets/img/icons/facilityOrange-icon-5.svg]
[demo-egenslab.b-cdn.net/html/golflab/preview/assets/img/icons/why-icon-1.svg]
[demo-egenslab.b-cdn.net/html/golflab/preview/assets/img/icons/why-icon-2.svg]
[demo-egenslab.b-cdn.net/html/golflab/preview/assets/img/icons/why-icon-3.svg]
[demo-egenslab.b-cdn.net/html/golflab/preview/assets/img/why-right.jpg]
[demo-egenslab.b-cdn.net/html/golflab/preview/assets/img/about-2-left.png]
[demo-egenslab.b-cdn.net/html/golflab/preview/assets/img/about-video-bg.jpg]
[demo-egenslab.b-cdn.net/html/golflab/preview/assets/img/play-and-membership.jpg]
[demo-egenslab.b-cdn.net/html/golflab/preview/assets/img/icons/feature-icon-white-1.png]
[demo-egenslab.b-cdn.net/html/golflab/preview/assets/img/icons/feature-icon-white-2.png]
[demo-egenslab.b-cdn.net/html/golflab/preview/assets/img/icons/feature-icon-white-3.png]
[demo-egenslab.b-cdn.net/html/golflab/preview/assets/img/icons/feature-icon-white-4.png]
[demo-egenslab.b-cdn.net/html/golflab/preview/assets/img/field.png]
[demo-egenslab.b-cdn.net/html/golflab/preview/assets/img/icons/price-box-1.png]
[demo-egenslab.b-cdn.net/html/golflab/preview/assets/img/icons/price-box-2.png]
[demo-egenslab.b-cdn.net/html/golflab/preview/assets/img/icons/price-box-3.png]
[demo-egenslab.b-cdn.net/html/golflab/preview/assets/img/reviewer-1.jpg]
[demo-egenslab.b-cdn.net/html/golflab/preview/assets/img/blog/blog-3.jpg]
[demo-egenslab.b-cdn.net/html/golflab/preview/index2.html]
[demo-egenslab.b-cdn.net/html/golflab/preview/about.html]
[demo-egenslab.b-cdn.net/html/golflab/preview/assets/img/icons/phone.svg]
[demo-egenslab.b-cdn.net/html/golflab/preview/assets/img/restaurant-1.jpg]
[demo-egenslab.b-cdn.net/html/golflab/preview/assets/img/restaurant-2.jpg]
[demo-egenslab.b-cdn.net/html/golflab/preview/assets/img/restaurant-3.jpg]
[demo-egenslab.b-cdn.net/html/golflab/preview/assets/img/serve-1.jpg]
[demo-egenslab.b-cdn.net/html/golflab/preview/assets/img/serve-2.jpg]
[demo-egenslab.b-cdn.net/html/golflab/preview/assets/img/icons/benifit-icon-1.png]
[demo-egenslab.b-cdn.net/html/golflab/preview/assets/img/icons/benifit-icon-2.png]
[demo-egenslab.b-cdn.net/html/golflab/preview/assets/img/icons/benifit-icon-3.png]
[demo-egenslab.b-cdn.net/html/golflab/preview/assets/img/icons/benifit-icon-4.png]
[demo-egenslab.b-cdn.net/html/golflab/preview/facility.html]
[demo-egenslab.b-cdn.net/html/golflab/preview/assets/img/blog/author-3.jpg]
[demo-egenslab.b-cdn.net/html/golflab/preview/assets/img/blog/author-4.jpg]
[demo-egenslab.b-cdn.net/html/golflab/preview/assets/img/blog/blog-4.jpg]
[demo-egenslab.b-cdn.net/html/golflab/preview/assets/img/blog/author-5.jpg]
[demo-egenslab.b-cdn.net/html/golflab/preview/assets/img/blog/blog-5.jpg]
[demo-egenslab.b-cdn.net/html/golflab/preview/assets/img/blog/author-6.jpg]
[demo-egenslab.b-cdn.net/html/golflab/preview/assets/img/blog/blog-6.jpg]
[demo-egenslab.b-cdn.net/html/golflab/preview/assets/img/blog/author-7.jpg]
[demo-egenslab.b-cdn.net/html/golflab/preview/assets/img/blog/blog-7.jpg]
[demo-egenslab.b-cdn.net/html/golflab/preview/assets/img/blog/author-8.jpg]
[demo-egenslab.b-cdn.net/html/golflab/preview/assets/img/blog/blog-8.jpg]
[demo-egenslab.b-cdn.net/html/golflab/preview/assets/img/blog/author-9.jpg]
[demo-egenslab.b-cdn.net/html/golflab/preview/assets/img/blog/blog-9.jpg]
[demo-egenslab.b-cdn.net/html/golflab/preview/assets/img/blog/author-10.jpg]
[demo-egenslab.b-cdn.net/html/golflab/preview/assets/img/blog/blog-10.jpg]
[demo-egenslab.b-cdn.net/html/golflab/preview/assets/img/blog/author-11.jpg]
[demo-egenslab.b-cdn.net/html/golflab/preview/assets/img/blog/blog-11.jpg]
[demo-egenslab.b-cdn.net/html/golflab/preview/assets/img/blog/author-12.jpg]
[demo-egenslab.b-cdn.net/html/golflab/preview/assets/img/blog/blog-12.jpg]
[demo-egenslab.b-cdn.net/html/golflab/preview/assets/img/blog/author-13.jpg]
[demo-egenslab.b-cdn.net/html/golflab/preview/assets/img/blog/blog-13.jpg]
[demo-egenslab.b-cdn.net/html/golflab/preview/assets/img/blog/author-14.jpg]
[demo-egenslab.b-cdn.net/html/golflab/preview/assets/img/blog/blog-14.jpg]
[demo-egenslab.b-cdn.net/html/golflab/preview/assets/img/blog/blog-15.jpg]
[demo-egenslab.b-cdn.net/html/golflab/preview/blog.html]
[demo-egenslab.b-cdn.net/html/golflab/preview/assets/img/post-1.jpg]
[demo-egenslab.b-cdn.net/html/golflab/preview/assets/img/post-2.jpg]
[demo-egenslab.b-cdn.net/html/golflab/preview/assets/img/post-3.jpg]
[demo-egenslab.b-cdn.net/html/golflab/preview/assets/img/widget-banner.jpg]
[demo-egenslab.b-cdn.net/html/golflab/preview/assets/img/blog/blog-standard-1.jpg]
[demo-egenslab.b-cdn.net/html/golflab/preview/assets/img/blog/blog-standard-2.jpg]
[demo-egenslab.b-cdn.net/html/golflab/preview/assets/img/blog/blog-standard-3.jpg]
[demo-egenslab.b-cdn.net/html/golflab/preview/blog-standard.html]
[demo-egenslab.b-cdn.net/html/golflab/preview/assets/img/single-post.jpg]
[demo-egenslab.b-cdn.net/html/golflab/preview/assets/img/blog-gallery-1.jpg]
[demo-egenslab.b-cdn.net/html/golflab/preview/assets/img/blog-gallery-2.jpg]
[demo-egenslab.b-cdn.net/html/golflab/preview/assets/img/commentor-1.jpg]
[demo-egenslab.b-cdn.net/html/golflab/preview/assets/img/commentor-2.jpg]
[demo-egenslab.b-cdn.net/html/golflab/preview/blog-details.html]
[demo-egenslab.b-cdn.net/html/golflab/preview/assets/img/team/team-1.jpg]
[demo-egenslab.b-cdn.net/html/golflab/preview/assets/img/team/team-2.jpg]
[demo-egenslab.b-cdn.net/html/golflab/preview/assets/img/team/team-3.jpg]
[demo-egenslab.b-cdn.net/html/golflab/preview/assets/img/team/team-4.jpg]
[demo-egenslab.b-cdn.net/html/golflab/preview/assets/img/team/team-5.jpg]
[demo-egenslab.b-cdn.net/html/golflab/preview/assets/img/team/team-6.jpg]
[demo-egenslab.b-cdn.net/html/golflab/preview/assets/img/team/team-7.jpg]
[demo-egenslab.b-cdn.net/html/golflab/preview/assets/img/team/team-8.jpg]
[demo-egenslab.b-cdn.net/html/golflab/preview/assets/img/team/team-9.jpg]
[demo-egenslab.b-cdn.net/html/golflab/preview/assets/img/team/team-10.jpg]
[demo-egenslab.b-cdn.net/html/golflab/preview/assets/img/team/team-11.jpg]
[demo-egenslab.b-cdn.net/html/golflab/preview/assets/img/team/team-12.jpg]
[demo-egenslab.b-cdn.net/html/golflab/preview/team.html]
[demo-egenslab.b-cdn.net/html/golflab/preview/assets/css/lightbox.min.css]
[demo-egenslab.b-cdn.net/html/golflab/preview/assets/img/gallery/gallery-5-big.png]
[demo-egenslab.b-cdn.net/html/golflab/preview/assets/img/gallery/gallery-5.jpg]
[demo-egenslab.b-cdn.net/html/golflab/preview/assets/img/gallery/gallery-6-big.png]
[demo-egenslab.b-cdn.net/html/golflab/preview/assets/img/gallery/gallery-6.jpg]
[demo-egenslab.b-cdn.net/html/golflab/preview/assets/img/gallery/gallery-3-big.png]
[demo-egenslab.b-cdn.net/html/golflab/preview/assets/img/gallery/gallery-3.jpg]
[demo-egenslab.b-cdn.net/html/golflab/preview/assets/img/gallery/gallery-4-big.png]
[demo-egenslab.b-cdn.net/html/golflab/preview/assets/img/gallery/gallery-4.jpg]
[demo-egenslab.b-cdn.net/html/golflab/preview/assets/img/gallery/gallery-2-big.png]
[demo-egenslab.b-cdn.net/html/golflab/preview/assets/img/gallery/gallery-2.jpg]
[demo-egenslab.b-cdn.net/html/golflab/preview/assets/img/gallery/gallery-7-big.png]
[demo-egenslab.b-cdn.net/html/golflab/preview/assets/img/gallery/gallery-7.jpg]
[demo-egenslab.b-cdn.net/html/golflab/preview/assets/img/gallery/gallery-8-big.png]
[demo-egenslab.b-cdn.net/html/golflab/preview/assets/img/gallery/gallery-8.jpg]
[demo-egenslab.b-cdn.net/html/golflab/preview/assets/img/gallery/gallery-10-big.png]
[demo-egenslab.b-cdn.net/html/golflab/preview/assets/img/gallery/gallery-10.jpg]
[demo-egenslab.b-cdn.net/html/golflab/preview/assets/img/gallery/gallery-11-big.png]
[demo-egenslab.b-cdn.net/html/golflab/preview/assets/img/gallery/gallery-11.jpg]
[demo-egenslab.b-cdn.net/html/golflab/preview/assets/img/gallery/gallery-9-big.png]
[demo-egenslab.b-cdn.net/html/golflab/preview/assets/img/gallery/gallery-9.jpg]
[demo-egenslab.b-cdn.net/html/golflab/preview/assets/js/lightbox.min.js]
[demo-egenslab.b-cdn.net/html/golflab/preview/gallery.html]
[demo-egenslab.b-cdn.net/html/golflab/preview/membership.html]
[demo-egenslab.b-cdn.net/html/golflab/preview/faq.html]
[demo-egenslab.b-cdn.net/html/golflab/preview/assets/js/lightbox-plus-jquery.min.js]
[demo-egenslab.b-cdn.net/html/golflab/preview/assets/img/error.png]
[demo-egenslab.b-cdn.net/html/golflab/preview/error.html]
[demo-egenslab.b-cdn.net/html/golflab/preview/assets/img/info-shape.png]
[demo-egenslab.b-cdn.net/html/golflab/preview/assets/img/icons/location.png]
[demo-egenslab.b-cdn.net/html/golflab/preview/assets/img/icons/mobile.png]
[demo-egenslab.b-cdn.net/html/golflab/preview/assets/img/icons/envelope.png]
[demo-egenslab.b-cdn.net/html/golflab/preview/contact.html]
[demo-egenslab.b-cdn.net/html/golflab/preview/assets/img/icons/phone-white.svg]
[demo-egenslab.b-cdn.net/html/golflab/preview/about-2.html]
[demo-egenslab.b-cdn.net/html/golflab/preview/assets/img/icons/facility-icon-1.svg]
[demo-egenslab.b-cdn.net/html/golflab/preview/assets/img/icons/facility-icon-2.svg]
[demo-egenslab.b-cdn.net/html/golflab/preview/assets/img/icons/facility-icon-3.svg]
[demo-egenslab.b-cdn.net/html/golflab/preview/assets/img/icons/facility-icon-4.svg]
[demo-egenslab.b-cdn.net/html/golflab/preview/assets/img/icons/facility-icon-5.svg]
[demo-egenslab.b-cdn.net/html/golflab/preview/assets/img/icons/phone-2.svg]
[demo-egenslab.b-cdn.net/html/golflab/preview/assets/webfonts/fa-brands-400.svg]
[demo-egenslab.b-cdn.net/html/golflab/preview/assets/webfonts/fa-regular-400.svg]
[demo-egenslab.b-cdn.net/html/golflab/preview/assets/webfonts/fa-solid-900.svg]
[demo-egenslab.b-cdn.net/html/golflab/preview/assets/img/icons/ball.svg]
[demo-egenslab.b-cdn.net/html/golflab/preview/assets/css/assets/images/icons/accord-icon.html]
[demo-egenslab.b-cdn.net/html/golflab/preview/assets/img/icons/facilityOrange-icon-1.svg]
[demo-egenslab.b-cdn.net/html/golflab/preview/assets/img/icons/facilityOrange-icon-2.svg]
[demo-egenslab.b-cdn.net/html/golflab/preview/assets/img/icons/facilityOrange-icon-3.svg]
[demo-egenslab.b-cdn.net/html/golflab/preview/assets/img/icons/facilityOrange-icon-4.svg]
[demo-egenslab.b-cdn.net/html/golflab/preview/assets/img/icons/facilityOrange-icon-5.svg]
[demo-egenslab.b-cdn.net/html/golflab/preview/assets/img/icons/why-icon-1.svg]
[demo-egenslab.b-cdn.net/html/golflab/preview/assets/img/icons/why-icon-2.svg]
[demo-egenslab.b-cdn.net/html/golflab/preview/assets/img/icons/why-icon-3.svg]
[demo-egenslab.b-cdn.net/html/golflab/preview/assets/img/icons/phone.svg]
[demo-egenslab.b-cdn.net/html/golflab/preview/assets/img/loading.gif]
[demo-egenslab.b-cdn.net/html/golflab/preview/assets/css/lightbox.min.css]
